  % Total    % Received % Xferd  Average Speed   Time    Time     Time  Current
                                 Dload  Upload   Total   Spent    Left  Speed
  0     0    0     0    0     0      0      0 --:--:-- --:--:-- --:--:--     0100   665  100   665    0     0   1670      0 --:--:-- --:--:-- --:--:--  1675
100   551  100   551    0     0    765      0 --:--:-- --:--:-- --:--:--   765
  0     0    0     0    0     0      0      0 --:--:-- --:--:-- --:--:--     0100 5216k  100 5216k    0     0  3022k      0  0:00:01  0:00:01 --:--:-- 5651k
checking for a BSD-compatible install... /usr/bin/install -c
checking whether build environment is sane... yes
checking for a thread-safe mkdir -p... scripts/install-sh -c -d
checking for gawk... no
checking for mawk... no
checking for nawk... no
checking for awk... awk
checking whether make sets $(MAKE)... yes
checking whether make supports nested variables... yes
checking whether UID '501' is supported by ustar format... yes
checking whether GID '20' is supported by ustar format... yes
checking how to create a ustar tar archive... gnutar
checking whether make supports nested variables... (cached) yes
checking build system type... arm-apple-darwin27.0.0
checking host system type... arm-apple-darwin27.0.0
checking how to print strings... printf
checking whether make supports the include directive... yes (GNU style)
checking for gcc... gcc
checking whether the C compiler works... yes
checking for C compiler default output file name... a.out
checking for suffix of executables... 
checking whether we are cross compiling... no
checking for suffix of object files... o
checking whether we are using the GNU C compiler... yes
checking whether gcc accepts -g... yes
checking for gcc option to accept ISO C89... none needed
checking whether gcc understands -c and -o together... yes
checking dependency style of gcc... gcc3
checking for a sed that does not truncate output... /usr/bin/sed
checking for grep that handles long lines and -e... /usr/bin/grep
checking for egrep... /usr/bin/grep -E
checking for fgrep... /usr/bin/grep -F
checking for ld used by gcc... /Applications/Xcode.app/Contents/Developer/Toolchains/XcodeDefault.xctoolchain/usr/bin/ld
checking if the linker (/Applications/Xcode.app/Contents/Developer/Toolchains/XcodeDefault.xctoolchain/usr/bin/ld) is GNU ld... no
checking for BSD- or MS-compatible name lister (nm)... /usr/bin/nm -B
checking the name lister (/usr/bin/nm -B) interface... BSD nm
checking whether ln -s works... yes
checking the maximum length of command line arguments... 786432
checking how to convert arm-apple-darwin27.0.0 file names to arm-apple-darwin27.0.0 format... func_convert_file_noop
checking how to convert arm-apple-darwin27.0.0 file names to toolchain format... func_convert_file_noop
checking for /Applications/Xcode.app/Contents/Developer/Toolchains/XcodeDefault.xctoolchain/usr/bin/ld option to reload object files... -r
checking for objdump... objdump
checking how to recognize dependent libraries... pass_all
checking for dlltool... no
checking how to associate runtime and link libraries... printf %s\n
checking for ar... ar
checking for archiver @FILE support... no
checking for strip... strip
checking for ranlib... ranlib
checking command to parse /usr/bin/nm -B output from gcc object... ok
checking for sysroot... no
checking for a working dd... /bin/dd
checking how to truncate binary pipes... /bin/dd bs=4096 count=1
checking for mt... no
checking if : is a manifest tool... no
checking for dsymutil... dsymutil
checking for nmedit... nmedit
checking for lipo... lipo
checking for otool... otool
checking for otool64... no
checking for -single_module linker flag... ld: warning: -single_module is obsolete
no
checking for -exported_symbols_list linker flag... yes
checking for -force_load linker flag... yes
checking how to run the C preprocessor... gcc -E
checking for ANSI C header files... yes
checking for sys/types.h... yes
checking for sys/stat.h... yes
checking for stdlib.h... yes
checking for string.h... yes
checking for memory.h... yes
checking for strings.h... yes
checking for inttypes.h... yes
checking for stdint.h... yes
checking for unistd.h... yes
checking for dlfcn.h... yes
checking for objdir... .libs
checking if gcc supports -fno-rtti -fno-exceptions... yes
checking for gcc option to produce PIC... -fno-common -DPIC
checking if gcc PIC flag -fno-common -DPIC works... yes
checking if gcc static flag -static works... no
checking if gcc supports -c -o file.o... yes
checking if gcc supports -c -o file.o... (cached) yes
checking whether the gcc linker (/Applications/Xcode.app/Contents/Developer/Toolchains/XcodeDefault.xctoolchain/usr/bin/ld) supports shared libraries... yes
checking dynamic linker characteristics... darwin27.0.0 dyld
checking how to hardcode library paths into programs... immediate
checking whether stripping libraries is possible... yes
checking if libtool supports shared libraries... yes
checking whether to build shared libraries... yes
checking whether to build static libraries... yes
./configure: line 12515: dlopen: command not found
checking whether to enable maintainer-specific portions of Makefiles... no
checking for cups-config... /usr/bin/cups-config
checking whether to whether to build CUPS driver... yes
checking whether NLS is requested... no
checking for msgfmt... /opt/homebrew/opt/gettext/bin/msgfmt
checking for gmsgfmt... /opt/homebrew/opt/gettext/bin/msgfmt
checking for xgettext... /opt/homebrew/opt/gettext/bin/xgettext
checking for msgmerge... /opt/homebrew/opt/gettext/bin/msgmerge
checking for ld used by GCC... /Applications/Xcode.app/Contents/Developer/Toolchains/XcodeDefault.xctoolchain/usr/bin/ld
checking if the linker (/Applications/Xcode.app/Contents/Developer/Toolchains/XcodeDefault.xctoolchain/usr/bin/ld) is GNU ld... no
checking for shared library run path origin... done
checking for CFPreferencesCopyAppValue... yes
checking for CFLocaleCopyCurrent... yes
checking whether to use NLS... no
checking whether to build CUPS PPD files... (automatic)
checking whether to build CUPS PPD files... yes
checking whether to build CUPS 1.2 enhancements... yes
checking whether to build translated CUPS PPD files... no
checking whether to build globalized CUPS PPD files... no
checking whether to build simplified CUPS PPD files... no
checking whether to place CUPS PPD files at top level... no
checking whether to generate PostScript level 3 PPD files... yes
checking whether to build a statically-linked cups-genppd and rastertogutenprint.  WARNING: Please read the README and NEWS (release notes) CAREFULLY before using --disable-static-genppd!... yes
checking whether to enable loadable modules... (automatic)
checking whether to turn on debugging in build... no
checking whether to turn on profiling in build... no
checking whether to use readline... no
checking for pkg-config... /opt/homebrew/bin/pkg-config
checking pkg-config is at least version 0.9.0... yes
checking for libusb-1.0... no
checking whether to install GIMP plugin in home directory... no
checking for gimptool-2.0... no
checking for gtk+-2.0... no
checking whether to build GIMP 2.x Print plugin... no
checking whether to name GIMP 2.x Print plugin gutenprint (requires GIMP 2.2; normally used with GIMP 2.4 or above)... (automatic)
checking whether to build Gutenprint GTK+-2.0 user interface library... no
checking whether to install sample images... yes
checking whether to build escputil... yes
checking whether to build test programs... no
checking whether to build Gutenprint documentation... yes
checking whether to build testpattern generator... no
checking for iconv... yes
checking how to link with libiconv... -liconv
checking for library containing strerror... none required
checking for gawk... (cached) awk
checking for gcc... (cached) gcc
checking whether we are using the GNU C compiler... (cached) yes
checking whether gcc accepts -g... (cached) yes
checking for gcc option to accept ISO C89... (cached) none needed
checking whether gcc understands -c and -o together... (cached) yes
checking dependency style of gcc... (cached) gcc3
checking for gcc... (cached) gcc
checking whether we are using the GNU C compiler... (cached) yes
checking whether gcc accepts -g... (cached) yes
checking for gcc option to accept ISO C89... (cached) none needed
checking whether gcc understands -c and -o together... (cached) yes
checking dependency style of gcc... (cached) gcc3
checking whether ln -s works... yes
checking for flex... flex
checking lex output file root... lex.yy
checking lex library... -ll
checking whether yytext is a pointer... yes
checking for bison... bison -y
checking for test... /bin/test
checking for true... /usr/bin/true
checking for find... /usr/bin/find
checking for perl... /usr/bin/perl
checking for glib-mkenums... no
checking for convert... no
checking for bash... /bin/bash
checking for texi2html... no
checking for dvips... no
checking for db2pdf... no
checking for dvipdf... no
checking for dvipdfm... no
checking for db2ps... no
checking for db2html... no
checking for doxygen... no
checking for xz... /opt/homebrew/bin/xz
checking for gzip... /usr/bin/gzip
checking for bzip2... /usr/bin/bzip2
checking for lrzip... no
checking for rzip... no
checking for zpaq... no
checking for bash... /bin/sh
checking if gcc supports -Wall... yes
checking if gcc supports -Wcast-align... yes
checking if gcc supports -Wstrict-prototypes... no
checking if gcc supports -Wmissing-prototypes... yes
checking if gcc supports -Wmissing-declarations... yes
checking if gcc supports -Wnested-externs... yes
checking if gcc supports -Wwrite-strings... yes
checking if gcc supports -Werror-implicit-function-declaration... yes
checking if gcc supports -Winline... yes
checking if gcc supports -Wformat=2... yes
checking if gcc supports -finline-limit=131072... no
checking if gcc supports -Wformat... yes
checking if gcc supports -Werror=format-security... yes
checking if gcc supports -D_POSIX_C_SOURCE=200809L... yes
checking if gcc supports -std=c99... yes
checking if gcc supports -O3... yes
checking if gcc supports __attribute__ syntax... yes
checking for lt_dlopen in -lltdl... no
checking for dlopen in -ldl... yes
checking for pow in -lm... yes
checking for pow in -lm... (cached) yes
checking for gzgets in -lz... yes
checking for cups-config... /usr/bin/cups-config
checking for ANSI C header files... (cached) yes
checking getopt.h usability... yes
checking getopt.h presence... yes
checking for getopt.h... yes
checking readline/readline.h usability... yes
checking readline/readline.h presence... yes
checking for readline/readline.h... yes
checking for dlfcn.h... (cached) yes
checking fcntl.h usability... yes
checking fcntl.h presence... yes
checking for fcntl.h... yes
checking limits.h usability... yes
checking limits.h presence... yes
checking for limits.h... yes
checking locale.h usability... yes
checking locale.h presence... yes
checking for locale.h... yes
checking ltdl.h usability... no
checking ltdl.h presence... no
checking for ltdl.h... no
checking stdarg.h usability... yes
checking stdarg.h presence... yes
checking for stdarg.h... yes
checking for stdlib.h... (cached) yes
checking for string.h... (cached) yes
checking sys/time.h usability... yes
checking sys/time.h presence... yes
checking for sys/time.h... yes
checking for sys/types.h... (cached) yes
checking time.h usability... yes
checking time.h presence... yes
checking for time.h... yes
checking for unistd.h... (cached) yes
checking for an ANSI C-conforming const... yes
checking for inline... inline
checking for off_t... yes
checking for size_t... yes
checking for nanosleep... yes
checking for poll... yes
checking for usleep... yes
checking for getopt_long... yes
checking for setenv... yes
checking for getuid... yes
checking for waitpid... yes
checking for library containing finite... no
checking which module system will be used... static
checking that generated files are newer than configure... done
configure: creating ./config.status
config.status: creating Makefile
config.status: creating doc/Makefile
config.status: creating doc/gutenprint.dox
config.status: creating doc/gutenprintui2.dox
config.status: creating doc/developer/Makefile
config.status: creating include/Makefile
config.status: creating include/gutenprint/Makefile
config.status: creating include/gutenprintui2/Makefile
config.status: creating include/gutenprint/gutenprint-version.h
config.status: creating man/Makefile
config.status: creating man/cups-calibrate.8
config.status: creating man/cups-genppd.8
config.status: creating man/cups-genppdupdate.8
config.status: creating man/escputil.1
config.status: creating po/Makefile.in
config.status: creating samples/Makefile
config.status: creating src/Makefile
config.status: creating src/cups/Makefile
config.status: creating src/cups/Info.plist
config.status: creating src/cups/cups-genppdupdate
config.status: creating src/cups/test-ppds.test
config.status: creating src/cups/min-pagesize
config.status: creating src/escputil/Makefile
config.status: creating src/testpattern/compare-image-files
config.status: creating src/testpattern/run-testpattern
config.status: creating src/testpattern/run-testpattern-1.test
config.status: creating src/testpattern/run-testpattern-2
config.status: creating src/testpattern/run-testpattern-2.test
config.status: creating src/testpattern/compare-checksums
config.status: creating src/testpattern/compress-checksums
config.status: creating src/cups/test-rastertogutenprint
config.status: creating src/cups/test-rastertogutenprint.test
config.status: creating src/testpattern/Makefile
config.status: creating src/gimp2/Makefile
config.status: creating src/main/Makefile
config.status: creating src/main/gutenprint.pc
config.status: creating src/xml/Makefile
config.status: creating src/xml/dither/Makefile
config.status: creating src/xml/papers/Makefile
config.status: creating src/xml/printers/Makefile
config.status: creating src/xml/escp2/Makefile
config.status: creating src/xml/escp2/media/Makefile
config.status: creating src/xml/escp2/mediasizes/Makefile
config.status: creating src/xml/escp2/model/Makefile
config.status: creating src/xml/escp2/model/base/Makefile
config.status: creating src/xml/escp2/inputslots/Makefile
config.status: creating src/xml/escp2/inks/Makefile
config.status: creating src/xml/escp2/weaves/Makefile
config.status: creating src/xml/escp2/qualitypresets/Makefile
config.status: creating src/xml/escp2/resolutions/Makefile
config.status: creating src/gutenprintui2/Makefile
config.status: creating src/gutenprintui2/gutenprintui2.pc
config.status: creating test/Makefile
config.status: creating test/compress-5level.sh
config.status: creating test/compress-6level.sh
config.status: creating test/uncompress-5level.sh
config.status: creating test/uncompress-6level.sh
config.status: creating test/parse-bjc
config.status: creating test/parse-escp2
config.status: creating test/run-testdither.test
config.status: creating test/run-weavetest.test
config.status: creating test/test-curve.test
config.status: creating scripts/Makefile
config.status: creating scripts/mkgitlog
config.status: creating scripts/gversion
config.status: creating scripts/test-gversion
config.status: creating scripts/wzpaq
config.status: creating config.h
config.status: executing depfiles commands
config.status: executing libtool commands
rm: libtoolT: No such file or directory
config.status: executing po-directories commands
config.status: creating po/POTFILES
config.status: creating po/Makefile
config.status: executing default commands


Gutenprint Configuration Summary:
---------- ------------- --------

If you have any problems, please report the information below to
gimp-print-devel@lists.sourceforge.net

================================================================
  Release: gutenprint 5.3.4 generated on 06 Dec 2020
  Generated at Sat Sep 19 16:46:22 +03 2026 by cetin

  Features:
    Build CUPS:                                 yes, installing in /usr
        Build CUPS 1.2 enhancements:            yes
        Build CUPS PPD files:                   yes
            Build translated CUPS PPD files:    no
                Build global CUPS PPD files:    no
            Build simplified CUPS PPD files:    no
            Install CUPS PPDs at top level:     no
        Generate PS level 3 CUPS PPD files:     yes
        Build genppd statically:                yes
        Build CUPS dyesub USB backend:          no
    Build EPSON inkjet utility:                 yes
    Build enhanced Print plugin for GIMP:       no
    Build test programs:                        no
    Build testpattern generator:                no

  Installation summary:
    Installation prefix:                        /Library/Printers/Gutenprint
    Exec prefix:                                /Library/Printers/Gutenprint (${prefix})
    Data directory:                             /Library/Printers/Gutenprint/share/gutenprint
    Library directory:                          /Library/Printers/Gutenprint/lib/gutenprint (/Library/Printers/Gutenprint/lib/gutenprint)
    Executable directory:                       /Library/Printers/Gutenprint/bin (/Library/Printers/Gutenprint/bin)
    XML data directory:                         /Library/Printers/Gutenprint/share/gutenprint/5.3/xml
    Module directory:                           /Library/Printers/Gutenprint/lib/gutenprint/5.3/modules (/Library/Printers/Gutenprint/lib/gutenprint/5.3/modules)
    Install sample images:                      yes

  General configuration:
    Configure arguments:                        --prefix=/Library/Printers/Gutenprint --with-cups --without-gimp2 --disable-libgutenprintui2 --enable-cups-ppds --disable-translated-cups-ppds --disable-globalized-cups-ppds --disable-nls --without-readline --disable-test --disable-testpattern 'CFLAGS=-O2 -D_DARWIN_C_SOURCE'
    Compiler:                                   gcc
    Compiler Version:                           Apple clang version 21.0.0 (clang-2100.3.34.2)
    Compiler options:                           -O2 -D_DARWIN_C_SOURCE -O3 -O2 -D_DARWIN_C_SOURCE -Wformat -Werror=format-security -D_POSIX_C_SOURCE=200809L -std=c99
    Build static libraries:                     yes
    Build shared libraries:                     yes
    Maintainer mode:                            no
    Use i18n:                                   no
    Generate profiling information:             no
    Generate debugging symbols:                 no
    Use modules:                                static
    Use readline libraries:                     no
    uname -a output:                            Darwin Mac.home 27.0.0 Darwin Kernel Version 27.0.0: Tue Aug 11 21:02:57 PDT 2026; root:xnu-13432.1.9~1/RELEASE_ARM64_T8132 arm64
================================================================

VERY IMPORTANT:
If you expect to build the CUPS driver or the enhanced Print plugin for
GIMP, but the output above indicates that that component will not be built,
it almost certainly indicates that development packages required to build
that component are not installed on your system.  Please read the README
file and install the necessary development packages before reporting any
error to the development team.  Depending upon your operating system version,
you may have to install packages from the installation medium or over
the network.

Finished configuring.  Please review CAREFULLY the configuration summary above.
This summary is also stored in config.summary
Type 'make clean' followed by 'make' to build the package
then 'make install' to install it.
/Applications/Xcode.app/Contents/Developer/usr/bin/make  all-recursive
Making all in include
Making all in gutenprint
make[3]: Nothing to be done for `all'.
Making all in gutenprintui2
make[3]: Nothing to be done for `all'.
make[3]: Nothing to be done for `all-am'.
Making all in src
Making all in main
  CC       channel.lo
  CC       array.lo
  CC       bit-ops.lo
  CC       curve.lo
  CC       curve-cache.lo
  CC       color.lo
  CC       dither-ed.lo
  CC       dither-inks.lo
  CC       dither-eventone.lo
  CC       dither-main.lo
  CC       dither-ordered.lo
  CC       dither-very-fast.lo
  CC       dither-predithered.lo
  CC       generic-options.lo
  CC       image.lo
  CC       buffer-image.lo
  CC       module.lo
  CC       path.lo
  CC       print-dither-matrices.lo
  CC       print-list.lo
  CC       print-papers.lo
  CC       print-util.lo
  CC       print-vars.lo
  CC       print-version.lo
  CC       print-weave.lo
  CC       printers.lo
  CC       refcache.lo
  CC       sequence.lo
  CC       string-list.lo
  CC       xml.lo
  CC       mxml-attr.lo
  CC       mxml-file.lo
  CC       mxml-node.lo
  CC       mxml-search.lo
  CC       print-color.lo
  CC       color-conversions.lo
  CC       print-canon.lo
  CC       print-escp2.lo
  CC       escp2-driver.lo
  CC       print-escp2-data.lo
  CC       escp2-channels.lo
  CC       escp2-papers.lo
  CC       escp2-resolutions.lo
  CC       print-lexmark.lo
  CC       print-pcl.lo
  CC       print-dpl.lo
  CC       print-ps.lo
  CC       xmlppd.lo
  CC       print-dyesub.lo
  CC       print-raw.lo
  CCLD     libgutenprint.la
Making all in xml
Making all in dither
rm -f xml-stamp xml-stamp.tmp
touch xml-stamp.tmp
for f in matrix-1x1.xml matrix-2x1.xml matrix-4x1.xml ; do echo $f >> xml-stamp.tmp; done
mv xml-stamp.tmp xml-stamp
Making all in escp2
Making all in inks
rm -f xml-stamp xml-stamp.tmp
touch xml-stamp.tmp
for f in artisan.xml b500.xml c120.xml c64.xml c80.xml c82.xml claria.xml claria_xp.xml cmy.xml cmykrb.xml cmykro.xml cx3650.xml defaultblack.xml f360.xml f360_photo.xml f360_photo7_japan.xml f360_ultrachrome.xml f360_ultrachrome_k3.xml f360_ultrachrome_k3v.xml f360_ultrachrome_k3v_2.xml nx100.xml photo_gen0.xml photo_gen1.xml photo_gen2.xml photo_gen3.xml photo_gen3_4.xml photo_gen4.xml photo_pigment.xml picturemate_4.xml picturemate_6.xml pro_gen1.xml pro_gen2.xml pro_pigment.xml pro_ultrachrome.xml pro_ultrachrome_k3.xml pro_ultrachrome_k34.xml pro_ultrachrome_k3v.xml pro_ultrachrome_k3v4.xml pro_ultrachrome_k3v10.xml pro_ultrachrome_k3v10a.xml pro_ultrachrome_k3v10b.xml standard.xml standard_gen0.xml sx445.xml ultrachrome.xml wf40.xml wf500.xml x80.xml xp100.xml ; do echo $f >> xml-stamp.tmp; done
mv xml-stamp.tmp xml-stamp
Making all in inputslots
rm -f xml-stamp xml-stamp.tmp
touch xml-stamp.tmp
for f in artisan.xml b500.xml cd.xml cd_cutter_roll_feed.xml cd_roll_feed.xml cutter_roll_feed.xml default.xml default-duplex.xml pro3880.xml pro_roll_feed.xml pro_cutter_roll_feed.xml r1800.xml r2400.xml r2880.xml rx680.xml rx700.xml spro5000.xml standard_roll_feed.xml wf7000.xml ; do echo $f >> xml-stamp.tmp; done
mv xml-stamp.tmp xml-stamp
Making all in model
Making all in base
rm -f xml-stamp xml-stamp.tmp
touch xml-stamp.tmp
for dir in  ; do \
	  sed "s;^;$dir/;" ${dir}/xml-stamp >> xml-stamp.tmp ; \
	done
for f in baseline_300.xml baseline_360.xml bx.xml c1xx.xml c2x.xml c4x.xml c7xx.xml c8x_base.xml c8x.xml cpro.xml photo2.xml picmate.xml pro_ultrachrome_k3.xml pro_ultrachrome_k3_base.xml pro_ultrachrome_k3_cutter.xml pro_ultrachrome_k3v.xml pro_ultrachrome_k3v10.xml pro_ultrachrome_k3v10_base.xml pro_ultrachrome_k3v10a.xml pro_ultrachrome_k3v10b.xml pro_x000.xml pro_x500.xml pro_x600.xml pro_x700.xml pro_x800.xml pro_x880.xml r200.xml r240.xml r800.xml sc800.xml sp700.xml sp750.xml sp950.xml wf7xxx.xml ; do echo $f >> xml-stamp.tmp; done
mv xml-stamp.tmp xml-stamp
rm -f xml-stamp xml-stamp.tmp
touch xml-stamp.tmp
for dir in base ; do \
	  sed "s;^;$dir/;" ${dir}/xml-stamp >> xml-stamp.tmp ; \
	done
for f in model_0.xml model_1.xml model_2.xml model_3.xml model_4.xml model_5.xml model_6.xml model_7.xml model_8.xml model_9.xml model_10.xml model_11.xml model_12.xml model_13.xml model_14.xml model_15.xml model_16.xml model_17.xml model_18.xml model_20.xml model_21.xml model_22.xml model_23.xml model_24.xml model_25.xml model_26.xml model_27.xml model_28.xml model_29.xml model_30.xml model_31.xml model_32.xml model_34.xml model_35.xml model_36.xml model_37.xml model_38.xml model_39.xml model_40.xml model_41.xml model_42.xml model_43.xml model_44.xml model_45.xml model_46.xml model_47.xml model_48.xml model_49.xml model_50.xml model_51.xml model_52.xml model_53.xml model_54.xml model_55.xml model_56.xml model_57.xml model_58.xml model_60.xml model_61.xml model_62.xml model_63.xml model_64.xml model_65.xml model_66.xml model_67.xml model_68.xml model_69.xml model_70.xml model_71.xml model_72.xml model_73.xml model_74.xml model_75.xml model_76.xml model_77.xml model_78.xml model_79.xml model_80.xml model_81.xml model_82.xml model_83.xml model_84.xml model_85.xml model_86.xml model_87.xml model_88.xml model_89.xml model_90.xml model_91.xml model_92.xml model_93.xml model_94.xml model_95.xml model_96.xml model_97.xml model_98.xml model_99.xml model_100.xml model_101.xml model_102.xml model_103.xml model_104.xml model_105.xml model_106.xml model_107.xml model_108.xml model_109.xml model_110.xml model_112.xml model_113.xml model_114.xml model_115.xml model_116.xml model_117.xml model_118.xml model_119.xml model_120.xml model_121.xml model_122.xml model_123.xml model_124.xml model_125.xml model_126.xml model_127.xml model_128.xml model_129.xml model_130.xml model_131.xml model_132.xml model_133.xml model_134.xml model_135.xml ; do echo $f >> xml-stamp.tmp; done
mv xml-stamp.tmp xml-stamp
Making all in media
rm -f xml-stamp xml-stamp.tmp
touch xml-stamp.tmp
for f in artisan.xml b500.xml c120.xml c64.xml c80.xml c82.xml claria.xml claria_xp.xml claria1400.xml cmy.xml cmykrb.xml cmykro.xml cx3650.xml f360.xml f360_photo.xml f360_photo7_japan.xml f360_ultrachrome.xml f360_ultrachrome_k3.xml f360_ultrachrome_k3v.xml nx100.xml photo_gen0.xml photo_gen1.xml photo_gen2.xml photo_gen3.xml photo_gen3_4.xml photo_gen4.xml photo_pigment.xml picturemate_4.xml picturemate_6.xml pro3880_ultrachrome_k3v.xml pro_gen1.xml pro_gen2.xml pro_pigment.xml pro_ultrachrome.xml pro_ultrachrome_k3.xml pro_ultrachrome_k3v.xml pro_ultrachrome_k3v10.xml pro_ultrachrome_k3v10a.xml pro_ultrachrome_k3v10b.xml r800.xml standard.xml standard_gen0.xml ultrachrome.xml wf500.xml x80.xml ; do echo $f >> xml-stamp.tmp; done
mv xml-stamp.tmp xml-stamp
Making all in mediasizes
rm -f xml-stamp xml-stamp.tmp
touch xml-stamp.tmp
for f in standard.xml ; do echo $f >> xml-stamp.tmp; done
mv xml-stamp.tmp xml-stamp
Making all in qualitypresets
rm -f xml-stamp xml-stamp.tmp
touch xml-stamp.tmp
for f in p1_5.xml picturemate.xml prox900.xml standard.xml v2880.xml wf40.xml ; do echo $f >> xml-stamp.tmp; done
mv xml-stamp.tmp xml-stamp
Making all in resolutions
rm -f xml-stamp xml-stamp.tmp
touch xml-stamp.tmp
for dir in  ; do \
	  sed "s;^;$dir/;" ${dir}/xml-stamp >> xml-stamp.tmp ; \
	done
for f in c8x.xml escp2-i.xml prox600.xml sc480.xml sc680.xml sc740.xml sc860.xml sp700.xml sp720.xml wf6xx.xml ; do echo $f >> xml-stamp.tmp; done
mv xml-stamp.tmp xml-stamp
Making all in weaves
rm -f xml-stamp xml-stamp.tmp
touch xml-stamp.tmp
for f in pro7000.xml pro7500.xml pro7600.xml standard.xml ; do echo $f >> xml-stamp.tmp; done
mv xml-stamp.tmp xml-stamp
rm -f xml-stamp xml-stamp.tmp
touch xml-stamp.tmp
for dir in inks inputslots model media mediasizes qualitypresets resolutions weaves ; do \
	  sed "s;^;$dir/;" ${dir}/xml-stamp >> xml-stamp.tmp ; \
	done
for f in  ; do echo $f >> xml-stamp.tmp; done
mv xml-stamp.tmp xml-stamp
Making all in papers
rm -f xml-stamp xml-stamp.tmp
touch xml-stamp.tmp
for f in standard.xml labels.xml ; do echo $f >> xml-stamp.tmp; done
mv xml-stamp.tmp xml-stamp
Making all in printers
  CC       check_duplicate_printers.test.o
  CCLD     check_duplicate_printers.test
STP_MODULE_PATH=../../../src/main/.libs:../../../src/main STP_DATA_PATH=../../../src/xml ./check_duplicate_printers.test
CHECK_DUPLICATE_PRINTERS
rm -f xml-stamp xml-stamp.tmp
touch xml-stamp.tmp
for f in canon.xml dpl.xml dyesub.xml escp2.xml lexmark.xml pcl.xml ps.xml raw.xml ; do echo $f >> xml-stamp.tmp; done
mv xml-stamp.tmp xml-stamp
rm -f xml-stamp xml-stamp.tmp
touch xml-stamp.tmp
  CC       extract-strings.o
for dir in dither escp2 papers printers ; do \
	  sed "s;^;$dir/;" ${dir}/xml-stamp >> xml-stamp.tmp ; \
	done
for f in  ; do echo $f >> xml-stamp.tmp; done
mv xml-stamp.tmp xml-stamp
  CCLD     extract-strings
rm -f xmli18n-tmp.h xmli18n-tmp.h.tmp
./extract-strings `cat xml-stamp | sed -e 's;^;./;'` > xmli18n-tmp.h.tmp
mv xmli18n-tmp.h.tmp xmli18n-tmp.h
Making all in escputil
  CC       d4lib.o
  CC       escputil.o
  CCLD     escputil
Making all in gutenprintui2
make[3]: Nothing to be done for `all'.
Making all in gimp2
make[3]: Nothing to be done for `all'.
Making all in cups
  CC       cups-calibrate.o
  CC       gutenprint_5.3-genppd.o
  CC       gutenprint_5.3-gutenprint.o
  CC       commandtocanon.o
  CC       cups_genppd_5.3-cups-genppd.o
  CC       rastertogutenprint.o
  CC       commandtoepson.o
  CC       i18n.o
  CC       gutenprint_5.3-i18n.o
  CC       cups_genppd_5.3-genppd.o
rastertogutenprint.c:670:20: warning: 'ppdFindOption' is deprecated: first deprecated in macOS 10.8 - Use cupsCopyDestInfo and friends instead. [-Wdeprecated-declarations]
  670 |       ppd_option = ppdFindOption(ppd, "StpiShrinkOutput");
      |                    ^
/Applications/Xcode.app/Contents/Developer/Platforms/MacOSX.platform/Developer/SDKs/MacOSX.sdk/usr/include/cups/ppd.h:380:22: note: 'ppdFindOption' has been explicitly marked deprecated here
  380 | extern ppd_option_t     *ppdFindOption(ppd_file_t *ppd, const char *keyword)
      |                          ^
rastertogutenprint.c:698:21: warning: 'ppdFindOption' is deprecated: first deprecated in macOS 10.8 - Use cupsCopyDestInfo and friends instead. [-Wdeprecated-declarations]
  698 |               ppd_option = ppdFindOption(ppd, ppd_option_name);
      |                            ^
/Applications/Xcode.app/Contents/Developer/Platforms/MacOSX.platform/Developer/SDKs/MacOSX.sdk/usr/include/cups/ppd.h:380:22: note: 'ppdFindOption' has been explicitly marked deprecated here
  380 | extern ppd_option_t     *ppdFindOption(ppd_file_t *ppd, const char *keyword)
      |                          ^
rastertogutenprint.c:730:22: warning: 'ppdFindOption' is deprecated: first deprecated in macOS 10.8 - Use cupsCopyDestInfo and friends instead. [-Wdeprecated-declarations]
  730 |                       ppd_option = ppdFindOption(ppd, ppd_option_name);
      |                                    ^
/Applications/Xcode.app/Contents/Developer/Platforms/MacOSX.platform/Developer/SDKs/MacOSX.sdk/usr/include/cups/ppd.h:380:22: note: 'ppdFindOption' has been explicitly marked deprecated here
  380 | extern ppd_option_t     *ppdFindOption(ppd_file_t *ppd, const char *keyword)
      |                          ^
rastertogutenprint.c:754:21: warning: 'ppdFindOption' is deprecated: first deprecated in macOS 10.8 - Use cupsCopyDestInfo and friends instead. [-Wdeprecated-declarations]
  754 |               ppd_option = ppdFindOption(ppd, ppd_option_name);
      |                            ^
/Applications/Xcode.app/Contents/Developer/Platforms/MacOSX.platform/Developer/SDKs/MacOSX.sdk/usr/include/cups/ppd.h:380:22: note: 'ppdFindOption' has been explicitly marked deprecated here
  380 | extern ppd_option_t     *ppdFindOption(ppd_file_t *ppd, const char *keyword)
      |                          ^
rastertogutenprint.c:1177:14: warning: 'ppdOpenFile' is deprecated: first deprecated in macOS 10.8 - Use cupsCopyDestInfo and friends instead. [-Wdeprecated-declarations]
 1177 |   if ((ppd = ppdOpenFile(ppdfile)) == NULL)
      |              ^
/Applications/Xcode.app/Contents/Developer/Platforms/MacOSX.platform/Developer/SDKs/MacOSX.sdk/usr/include/cups/ppd.h:389:20: note: 'ppdOpenFile' has been explicitly marked deprecated here
  389 | extern ppd_file_t       *ppdOpenFile(const char *filename) _CUPS_DEPRECATED_1_6_MSG("Use cupsCopyDestInfo and friends instead.");
      |                          ^
rastertogutenprint.c:1188:5: warning: 'ppdClose' is deprecated: first deprecated in macOS 10.8 - Use cupsCopyDestInfo and friends instead. [-Wdeprecated-declarations]
 1188 |     ppdClose(ppd);
      |     ^
/Applications/Xcode.app/Contents/Developer/Platforms/MacOSX.platform/Developer/SDKs/MacOSX.sdk/usr/include/cups/ppd.h:364:14: note: 'ppdClose' has been explicitly marked deprecated here
  364 | extern void             ppdClose(ppd_file_t *ppd) _CUPS_DEPRECATED_1_6_MSG("Use cupsCopyDestInfo and friends instead.");
      |                         ^
rastertogutenprint.c:1196:5: warning: 'ppdClose' is deprecated: first deprecated in macOS 10.8 - Use cupsCopyDestInfo and friends instead. [-Wdeprecated-declarations]
 1196 |     ppdClose(ppd);
      |     ^
/Applications/Xcode.app/Contents/Developer/Platforms/MacOSX.platform/Developer/SDKs/MacOSX.sdk/usr/include/cups/ppd.h:364:14: note: 'ppdClose' has been explicitly marked deprecated here
  364 | extern void             ppdClose(ppd_file_t *ppd) _CUPS_DEPRECATED_1_6_MSG("Use cupsCopyDestInfo and friends instead.");
      |                         ^
rastertogutenprint.c:1204:5: warning: 'ppdClose' is deprecated: first deprecated in macOS 10.8 - Use cupsCopyDestInfo and friends instead. [-Wdeprecated-declarations]
 1204 |     ppdClose(ppd);
      |     ^
/Applications/Xcode.app/Contents/Developer/Platforms/MacOSX.platform/Developer/SDKs/MacOSX.sdk/usr/include/cups/ppd.h:364:14: note: 'ppdClose' has been explicitly marked deprecated here
  364 | extern void             ppdClose(ppd_file_t *ppd) _CUPS_DEPRECATED_1_6_MSG("Use cupsCopyDestInfo and friends instead.");
      |                         ^
rastertogutenprint.c:1228:5: warning: 'ppdClose' is deprecated: first deprecated in macOS 10.8 - Use cupsCopyDestInfo and friends instead. [-Wdeprecated-declarations]
 1228 |     ppdClose(ppd);
      |     ^
/Applications/Xcode.app/Contents/Developer/Platforms/MacOSX.platform/Developer/SDKs/MacOSX.sdk/usr/include/cups/ppd.h:364:14: note: 'ppdClose' has been explicitly marked deprecated here
  364 | extern void             ppdClose(ppd_file_t *ppd) _CUPS_DEPRECATED_1_6_MSG("Use cupsCopyDestInfo and friends instead.");
      |                         ^
rastertogutenprint.c:1237:3: warning: 'ppdMarkDefaults' is deprecated: first deprecated in macOS 10.8 - Use cupsCopyDestInfo and friends instead. [-Wdeprecated-declarations]
 1237 |   ppdMarkDefaults(ppd);
      |   ^
/Applications/Xcode.app/Contents/Developer/Platforms/MacOSX.platform/Developer/SDKs/MacOSX.sdk/usr/include/cups/ppd.h:384:14: note: 'ppdMarkDefaults' has been explicitly marked deprecated here
  384 | extern void             ppdMarkDefaults(ppd_file_t *ppd) _CUPS_DEPRECATED_1_6_MSG("Use cupsCopyDestInfo and friends instead.");
      |                         ^
rastertogutenprint.c:1238:3: warning: 'cupsMarkOptions' is deprecated: first deprecated in macOS 10.8 - Use cupsCopyDestInfo and friends instead. [-Wdeprecated-declarations]
 1238 |   cupsMarkOptions(ppd, num_options, options);
      |   ^
/Applications/Xcode.app/Contents/Developer/Platforms/MacOSX.platform/Developer/SDKs/MacOSX.sdk/usr/include/cups/ppd.h:362:13: note: 'cupsMarkOptions' has been explicitly marked deprecated here
  362 | extern int              cupsMarkOptions(ppd_file_t *ppd, int num_options, cups_option_t *options) _CUPS_DEPRECATED_1_6_MSG("Use cupsCopyDestInfo and friends instead.");
      |                         ^
rastertogutenprint.c:1239:10: warning: 'ppdPageSize' is deprecated: first deprecated in macOS 10.8 - Use cupsCopyDestInfo and friends instead. [-Wdeprecated-declarations]
 1239 |   size = ppdPageSize(ppd, NULL);
      |          ^
/Applications/Xcode.app/Contents/Developer/Platforms/MacOSX.platform/Developer/SDKs/MacOSX.sdk/usr/include/cups/ppd.h:392:20: note: 'ppdPageSize' has been explicitly marked deprecated here
  392 | extern ppd_size_t       *ppdPageSize(ppd_file_t *ppd, const char *name)
      |                          ^
rastertogutenprint.c:1277:7: warning: 'ppdClose' is deprecated: first deprecated in macOS 10.8 - Use cupsCopyDestInfo and friends instead. [-Wdeprecated-declarations]
 1277 |       ppdClose(ppd);
      |       ^
/Applications/Xcode.app/Contents/Developer/Platforms/MacOSX.platform/Developer/SDKs/MacOSX.sdk/usr/include/cups/ppd.h:364:14: note: 'ppdClose' has been explicitly marked deprecated here
  364 | extern void             ppdClose(ppd_file_t *ppd) _CUPS_DEPRECATED_1_6_MSG("Use cupsCopyDestInfo and friends instead.");
      |                         ^
rastertogutenprint.c:1311:3: warning: 'ppdClose' is deprecated: first deprecated in macOS 10.8 - Use cupsCopyDestInfo and friends instead. [-Wdeprecated-declarations]
 1311 |   ppdClose(ppd);
      |   ^
/Applications/Xcode.app/Contents/Developer/Platforms/MacOSX.platform/Developer/SDKs/MacOSX.sdk/usr/include/cups/ppd.h:364:14: note: 'ppdClose' has been explicitly marked deprecated here
  364 | extern void             ppdClose(ppd_file_t *ppd) _CUPS_DEPRECATED_1_6_MSG("Use cupsCopyDestInfo and friends instead.");
      |                         ^
rm -rf ppdcatalog
  CC       cups_genppd_5.3-i18n.o
rm -rf ppd
  CCLD     commandtocanon
  CCLD     commandtoepson
  CCLD     cups-calibrate
14 warnings generated.
  CCLD     rastertogutenprint.5.3
  CCLD     cups-genppd.5.3
  CCLD     gutenprint.5.3
/Applications/Xcode.app/Contents/Developer/usr/bin/make ppd-stamp-pre
rm -rf ppdcatalog
rm -rf ppd
/Applications/Xcode.app/Contents/Developer/usr/bin/make ppd-stamp-phony
Non-localized PPDs:
../../scripts/install-sh -c -d ppd/C
/Applications/Xcode.app/Contents/Developer/usr/bin/make ppd-catalog-clean
rm -rf ppdcatalog
LC_ALL= LANG= LANGUAGE= STP_MODULE_PATH=../../src/main/.libs:../../src/main STP_DATA_PATH=../../src/xml STP_LOCALEDIR= ./cups-genppd.5.3 -l C -p ppd/C  
.................................... done.
touch ppd-stamp
Making all in testpattern
make[3]: Nothing to be done for `all'.
make[3]: Nothing to be done for `all-am'.
Making all in samples
make[2]: Nothing to be done for `all'.
Making all in test
make[2]: Nothing to be done for `all'.
Making all in po
make[2]: Nothing to be done for `all'.
Making all in man
make[2]: Nothing to be done for `all'.
Making all in doc
Making all in developer
make[3]: Nothing to be done for `all'.
make[3]: Nothing to be done for `all-am'.
Making all in scripts
make[2]: Nothing to be done for `all'.
make[2]: Nothing to be done for `all-am'.
/Applications/Xcode.app/Contents/Developer/usr/bin/make  install-recursive
Making install in include
Making install in gutenprint
make[4]: Nothing to be done for `install-exec-am'.
 ../../scripts/install-sh -c -d '/tmp/gp-build.UVjo/stage/Library/Printers/Gutenprint/include/gutenprint'
 /usr/bin/install -c -m 644 gutenprint-version.h '/tmp/gp-build.UVjo/stage/Library/Printers/Gutenprint/include/gutenprint'
 ../../scripts/install-sh -c -d '/tmp/gp-build.UVjo/stage/Library/Printers/Gutenprint/include/gutenprint'
 /usr/bin/install -c -m 644 gutenprint.h gutenprint-module.h array.h bit-ops.h channel.h color.h curve-cache.h curve.h dither.h image.h list.h module.h mxml.h paper.h path.h printers.h refcache.h sequence.h string-list.h types.h util.h vars.h weave.h xml.h '/tmp/gp-build.UVjo/stage/Library/Printers/Gutenprint/include/gutenprint'
Making install in gutenprintui2
make[4]: Nothing to be done for `install-exec-am'.
make[4]: Nothing to be done for `install-exec-am'.
make[4]: Nothing to be done for `install-data-am'.
Making install in src
Making install in main
 ../../scripts/install-sh -c -d '/tmp/gp-build.UVjo/stage/Library/Printers/Gutenprint/lib'
 /bin/sh ../../libtool   --mode=install /usr/bin/install -c   libgutenprint.la '/tmp/gp-build.UVjo/stage/Library/Printers/Gutenprint/lib'
libtool: install: /usr/bin/install -c .libs/libgutenprint.9.dylib /tmp/gp-build.UVjo/stage/Library/Printers/Gutenprint/lib/libgutenprint.9.dylib
libtool: install: (cd /tmp/gp-build.UVjo/stage/Library/Printers/Gutenprint/lib && { ln -s -f libgutenprint.9.dylib libgutenprint.dylib || { rm -f libgutenprint.dylib && ln -s libgutenprint.9.dylib libgutenprint.dylib; }; })
libtool: install: /usr/bin/install -c .libs/libgutenprint.lai /tmp/gp-build.UVjo/stage/Library/Printers/Gutenprint/lib/libgutenprint.la
libtool: install: /usr/bin/install -c .libs/libgutenprint.a /tmp/gp-build.UVjo/stage/Library/Printers/Gutenprint/lib/libgutenprint.a
libtool: install: chmod 644 /tmp/gp-build.UVjo/stage/Library/Printers/Gutenprint/lib/libgutenprint.a
libtool: install: ranlib /tmp/gp-build.UVjo/stage/Library/Printers/Gutenprint/lib/libgutenprint.a
libtool: warning: remember to run 'libtool --finish /Library/Printers/Gutenprint/lib'
 ../../scripts/install-sh -c -d '/tmp/gp-build.UVjo/stage/Library/Printers/Gutenprint/lib/pkgconfig'
 /usr/bin/install -c -m 644 gutenprint.pc '/tmp/gp-build.UVjo/stage/Library/Printers/Gutenprint/lib/pkgconfig'
Making install in xml
Making install in dither
make[5]: Nothing to be done for `install-exec-am'.
 ../../../scripts/install-sh -c -d '/tmp/gp-build.UVjo/stage/Library/Printers/Gutenprint/share/gutenprint/5.3/xml/dither'
 /usr/bin/install -c -m 644 matrix-1x1.xml matrix-2x1.xml matrix-4x1.xml '/tmp/gp-build.UVjo/stage/Library/Printers/Gutenprint/share/gutenprint/5.3/xml/dither'
Making install in escp2
Making install in inks
make[6]: Nothing to be done for `install-exec-am'.
 ../../../../scripts/install-sh -c -d '/tmp/gp-build.UVjo/stage/Library/Printers/Gutenprint/share/gutenprint/5.3/xml/escp2/inks'
 /usr/bin/install -c -m 644 artisan.xml b500.xml c120.xml c64.xml c80.xml c82.xml claria.xml claria_xp.xml cmy.xml cmykrb.xml cmykro.xml cx3650.xml defaultblack.xml f360.xml f360_photo.xml f360_photo7_japan.xml f360_ultrachrome.xml f360_ultrachrome_k3.xml f360_ultrachrome_k3v.xml f360_ultrachrome_k3v_2.xml nx100.xml photo_gen0.xml photo_gen1.xml photo_gen2.xml photo_gen3.xml photo_gen3_4.xml photo_gen4.xml photo_pigment.xml picturemate_4.xml picturemate_6.xml pro_gen1.xml pro_gen2.xml pro_pigment.xml pro_ultrachrome.xml pro_ultrachrome_k3.xml pro_ultrachrome_k34.xml pro_ultrachrome_k3v.xml pro_ultrachrome_k3v4.xml pro_ultrachrome_k3v10.xml pro_ultrachrome_k3v10a.xml '/tmp/gp-build.UVjo/stage/Library/Printers/Gutenprint/share/gutenprint/5.3/xml/escp2/inks'
 /usr/bin/install -c -m 644 pro_ultrachrome_k3v10b.xml standard.xml standard_gen0.xml sx445.xml ultrachrome.xml wf40.xml wf500.xml x80.xml xp100.xml '/tmp/gp-build.UVjo/stage/Library/Printers/Gutenprint/share/gutenprint/5.3/xml/escp2/inks'
Making install in inputslots
make[6]: Nothing to be done for `install-exec-am'.
 ../../../../scripts/install-sh -c -d '/tmp/gp-build.UVjo/stage/Library/Printers/Gutenprint/share/gutenprint/5.3/xml/escp2/inputslots'
 /usr/bin/install -c -m 644 artisan.xml b500.xml cd.xml cd_cutter_roll_feed.xml cd_roll_feed.xml cutter_roll_feed.xml default.xml default-duplex.xml pro3880.xml pro_roll_feed.xml pro_cutter_roll_feed.xml r1800.xml r2400.xml r2880.xml rx680.xml rx700.xml spro5000.xml standard_roll_feed.xml wf7000.xml '/tmp/gp-build.UVjo/stage/Library/Printers/Gutenprint/share/gutenprint/5.3/xml/escp2/inputslots'
Making install in model
Making install in base
make[7]: Nothing to be done for `install-exec-am'.
 ../../../../../scripts/install-sh -c -d '/tmp/gp-build.UVjo/stage/Library/Printers/Gutenprint/share/gutenprint/5.3/xml/escp2/model/base'
 /usr/bin/install -c -m 644 baseline_300.xml baseline_360.xml bx.xml c1xx.xml c2x.xml c4x.xml c7xx.xml c8x_base.xml c8x.xml cpro.xml photo2.xml picmate.xml pro_ultrachrome_k3.xml pro_ultrachrome_k3_base.xml pro_ultrachrome_k3_cutter.xml pro_ultrachrome_k3v.xml pro_ultrachrome_k3v10.xml pro_ultrachrome_k3v10_base.xml pro_ultrachrome_k3v10a.xml pro_ultrachrome_k3v10b.xml pro_x000.xml pro_x500.xml pro_x600.xml pro_x700.xml pro_x800.xml pro_x880.xml r200.xml r240.xml r800.xml sc800.xml sp700.xml sp750.xml sp950.xml wf7xxx.xml '/tmp/gp-build.UVjo/stage/Library/Printers/Gutenprint/share/gutenprint/5.3/xml/escp2/model/base'
make[7]: Nothing to be done for `install-exec-am'.
 ../../../../scripts/install-sh -c -d '/tmp/gp-build.UVjo/stage/Library/Printers/Gutenprint/share/gutenprint/5.3/xml/escp2/model'
 /usr/bin/install -c -m 644 model_0.xml model_1.xml model_2.xml model_3.xml model_4.xml model_5.xml model_6.xml model_7.xml model_8.xml model_9.xml model_10.xml model_11.xml model_12.xml model_13.xml model_14.xml model_15.xml model_16.xml model_17.xml model_18.xml model_20.xml model_21.xml model_22.xml model_23.xml model_24.xml model_25.xml model_26.xml model_27.xml model_28.xml model_29.xml model_30.xml model_31.xml model_32.xml model_34.xml model_35.xml model_36.xml model_37.xml model_38.xml model_39.xml model_40.xml model_41.xml '/tmp/gp-build.UVjo/stage/Library/Printers/Gutenprint/share/gutenprint/5.3/xml/escp2/model'
 /usr/bin/install -c -m 644 model_42.xml model_43.xml model_44.xml model_45.xml model_46.xml model_47.xml model_48.xml model_49.xml model_50.xml model_51.xml model_52.xml model_53.xml model_54.xml model_55.xml model_56.xml model_57.xml model_58.xml model_60.xml model_61.xml model_62.xml model_63.xml model_64.xml model_65.xml model_66.xml model_67.xml model_68.xml model_69.xml model_70.xml model_71.xml model_72.xml model_73.xml model_74.xml model_75.xml model_76.xml model_77.xml model_78.xml model_79.xml model_80.xml model_81.xml model_82.xml '/tmp/gp-build.UVjo/stage/Library/Printers/Gutenprint/share/gutenprint/5.3/xml/escp2/model'
 /usr/bin/install -c -m 644 model_83.xml model_84.xml model_85.xml model_86.xml model_87.xml model_88.xml model_89.xml model_90.xml model_91.xml model_92.xml model_93.xml model_94.xml model_95.xml model_96.xml model_97.xml model_98.xml model_99.xml model_100.xml model_101.xml model_102.xml model_103.xml model_104.xml model_105.xml model_106.xml model_107.xml model_108.xml model_109.xml model_110.xml model_112.xml model_113.xml model_114.xml model_115.xml model_116.xml model_117.xml model_118.xml model_119.xml model_120.xml model_121.xml model_122.xml model_123.xml '/tmp/gp-build.UVjo/stage/Library/Printers/Gutenprint/share/gutenprint/5.3/xml/escp2/model'
 /usr/bin/install -c -m 644 model_124.xml model_125.xml model_126.xml model_127.xml model_128.xml model_129.xml model_130.xml model_131.xml model_132.xml model_133.xml model_134.xml model_135.xml '/tmp/gp-build.UVjo/stage/Library/Printers/Gutenprint/share/gutenprint/5.3/xml/escp2/model'
Making install in media
make[6]: Nothing to be done for `install-exec-am'.
 ../../../../scripts/install-sh -c -d '/tmp/gp-build.UVjo/stage/Library/Printers/Gutenprint/share/gutenprint/5.3/xml/escp2/media'
 /usr/bin/install -c -m 644 artisan.xml b500.xml c120.xml c64.xml c80.xml c82.xml claria.xml claria_xp.xml claria1400.xml cmy.xml cmykrb.xml cmykro.xml cx3650.xml f360.xml f360_photo.xml f360_photo7_japan.xml f360_ultrachrome.xml f360_ultrachrome_k3.xml f360_ultrachrome_k3v.xml nx100.xml photo_gen0.xml photo_gen1.xml photo_gen2.xml photo_gen3.xml photo_gen3_4.xml photo_gen4.xml photo_pigment.xml picturemate_4.xml picturemate_6.xml pro3880_ultrachrome_k3v.xml pro_gen1.xml pro_gen2.xml pro_pigment.xml pro_ultrachrome.xml pro_ultrachrome_k3.xml pro_ultrachrome_k3v.xml pro_ultrachrome_k3v10.xml pro_ultrachrome_k3v10a.xml pro_ultrachrome_k3v10b.xml r800.xml '/tmp/gp-build.UVjo/stage/Library/Printers/Gutenprint/share/gutenprint/5.3/xml/escp2/media'
 /usr/bin/install -c -m 644 standard.xml standard_gen0.xml ultrachrome.xml wf500.xml x80.xml '/tmp/gp-build.UVjo/stage/Library/Printers/Gutenprint/share/gutenprint/5.3/xml/escp2/media'
Making install in mediasizes
make[6]: Nothing to be done for `install-exec-am'.
 ../../../../scripts/install-sh -c -d '/tmp/gp-build.UVjo/stage/Library/Printers/Gutenprint/share/gutenprint/5.3/xml/escp2/mediasizes'
 /usr/bin/install -c -m 644 standard.xml '/tmp/gp-build.UVjo/stage/Library/Printers/Gutenprint/share/gutenprint/5.3/xml/escp2/mediasizes'
Making install in qualitypresets
make[6]: Nothing to be done for `install-exec-am'.
 ../../../../scripts/install-sh -c -d '/tmp/gp-build.UVjo/stage/Library/Printers/Gutenprint/share/gutenprint/5.3/xml/escp2/qualitypresets'
 /usr/bin/install -c -m 644 p1_5.xml picturemate.xml prox900.xml standard.xml v2880.xml wf40.xml '/tmp/gp-build.UVjo/stage/Library/Printers/Gutenprint/share/gutenprint/5.3/xml/escp2/qualitypresets'
Making install in resolutions
make[6]: Nothing to be done for `install-exec-am'.
 ../../../../scripts/install-sh -c -d '/tmp/gp-build.UVjo/stage/Library/Printers/Gutenprint/share/gutenprint/5.3/xml/escp2/resolutions'
 /usr/bin/install -c -m 644 c8x.xml escp2-i.xml prox600.xml sc480.xml sc680.xml sc740.xml sc860.xml sp700.xml sp720.xml wf6xx.xml '/tmp/gp-build.UVjo/stage/Library/Printers/Gutenprint/share/gutenprint/5.3/xml/escp2/resolutions'
Making install in weaves
make[6]: Nothing to be done for `install-exec-am'.
 ../../../../scripts/install-sh -c -d '/tmp/gp-build.UVjo/stage/Library/Printers/Gutenprint/share/gutenprint/5.3/xml/escp2/weaves'
 /usr/bin/install -c -m 644 pro7000.xml pro7500.xml pro7600.xml standard.xml '/tmp/gp-build.UVjo/stage/Library/Printers/Gutenprint/share/gutenprint/5.3/xml/escp2/weaves'
make[6]: Nothing to be done for `install-exec-am'.
make[6]: Nothing to be done for `install-data-am'.
Making install in papers
make[5]: Nothing to be done for `install-exec-am'.
 ../../../scripts/install-sh -c -d '/tmp/gp-build.UVjo/stage/Library/Printers/Gutenprint/share/gutenprint/5.3/xml/papers'
 /usr/bin/install -c -m 644 standard.xml labels.xml '/tmp/gp-build.UVjo/stage/Library/Printers/Gutenprint/share/gutenprint/5.3/xml/papers'
Making install in printers
make[5]: Nothing to be done for `install-exec-am'.
 ../../../scripts/install-sh -c -d '/tmp/gp-build.UVjo/stage/Library/Printers/Gutenprint/share/gutenprint/5.3/xml/printers'
 /usr/bin/install -c -m 644 canon.xml dpl.xml dyesub.xml escp2.xml lexmark.xml pcl.xml ps.xml raw.xml '/tmp/gp-build.UVjo/stage/Library/Printers/Gutenprint/share/gutenprint/5.3/xml/printers'
make[5]: Nothing to be done for `install-exec-am'.
make[5]: Nothing to be done for `install-data-am'.
Making install in escputil
 ../../scripts/install-sh -c -d '/tmp/gp-build.UVjo/stage/Library/Printers/Gutenprint/bin'
  /bin/sh ../../libtool   --mode=install /usr/bin/install -c escputil '/tmp/gp-build.UVjo/stage/Library/Printers/Gutenprint/bin'
libtool: warning: '../../src/main/libgutenprint.la' has not been installed in '/Library/Printers/Gutenprint/lib'
libtool: install: /usr/bin/install -c .libs/escputil /tmp/gp-build.UVjo/stage/Library/Printers/Gutenprint/bin/escputil
make[4]: Nothing to be done for `install-data-am'.
Making install in gutenprintui2
Making install in gimp2
make[4]: Nothing to be done for `install-exec-am'.
Making install in cups
rm -rf ppdcatalog
rm -rf ppd
/Applications/Xcode.app/Contents/Developer/usr/bin/make ppd-stamp-pre
rm -rf ppdcatalog
rm -rf ppd
/Applications/Xcode.app/Contents/Developer/usr/bin/make ppd-stamp-phony
Non-localized PPDs:
../../scripts/install-sh -c -d ppd/C
/Applications/Xcode.app/Contents/Developer/usr/bin/make ppd-catalog-clean
rm -rf ppdcatalog
LC_ALL= LANG= LANGUAGE= STP_MODULE_PATH=../../src/main/.libs:../../src/main STP_DATA_PATH=../../src/xml STP_LOCALEDIR= ./cups-genppd.5.3 -l C -p ppd/C  
.................................... done.
touch ppd-stamp
 ../../scripts/install-sh -c -d '/tmp/gp-build.UVjo/stage/usr/bin'
  /bin/sh ../../libtool   --mode=install /usr/bin/install -c cups-calibrate '/tmp/gp-build.UVjo/stage/usr/bin'
libtool: install: /usr/bin/install -c cups-calibrate /tmp/gp-build.UVjo/stage/usr/bin/cups-calibrate
 ../../scripts/install-sh -c -d '/tmp/gp-build.UVjo/stage/usr/libexec/cups/driver'
  /bin/sh ../../libtool   --mode=install /usr/bin/install -c gutenprint.5.3 '/tmp/gp-build.UVjo/stage/usr/libexec/cups/driver'
libtool: install: /usr/bin/install -c gutenprint.5.3 /tmp/gp-build.UVjo/stage/usr/libexec/cups/driver/gutenprint.5.3
 ../../scripts/install-sh -c -d '/tmp/gp-build.UVjo/stage/usr/libexec/cups/filter'
  /bin/sh ../../libtool   --mode=install /usr/bin/install -c rastertogutenprint.5.3 commandtoepson commandtocanon '/tmp/gp-build.UVjo/stage/usr/libexec/cups/filter'
libtool: install: /usr/bin/install -c rastertogutenprint.5.3 /tmp/gp-build.UVjo/stage/usr/libexec/cups/filter/rastertogutenprint.5.3
libtool: install: /usr/bin/install -c commandtoepson /tmp/gp-build.UVjo/stage/usr/libexec/cups/filter/commandtoepson
libtool: install: /usr/bin/install -c commandtocanon /tmp/gp-build.UVjo/stage/usr/libexec/cups/filter/commandtocanon
 ../../scripts/install-sh -c -d '/tmp/gp-build.UVjo/stage/usr/sbin'
  /bin/sh ../../libtool   --mode=install /usr/bin/install -c cups-genppd.5.3 '/tmp/gp-build.UVjo/stage/usr/sbin'
libtool: install: /usr/bin/install -c cups-genppd.5.3 /tmp/gp-build.UVjo/stage/usr/sbin/cups-genppd.5.3
 ../../scripts/install-sh -c -d '/tmp/gp-build.UVjo/stage/usr/sbin'
 /usr/bin/install -c cups-genppdupdate '/tmp/gp-build.UVjo/stage/usr/sbin'
/Applications/Xcode.app/Contents/Developer/usr/bin/make  install-exec-hook
make[5]: Nothing to be done for `install-exec-hook'.
rm -rf ppdcatalog
rm -rf ppd
/Applications/Xcode.app/Contents/Developer/usr/bin/make ppd-stamp-pre
rm -rf ppdcatalog
rm -rf ppd
/Applications/Xcode.app/Contents/Developer/usr/bin/make ppd-stamp-phony
Non-localized PPDs:
../../scripts/install-sh -c -d ppd/C
/Applications/Xcode.app/Contents/Developer/usr/bin/make ppd-catalog-clean
rm -rf ppdcatalog
LC_ALL= LANG= LANGUAGE= STP_MODULE_PATH=../../src/main/.libs:../../src/main STP_DATA_PATH=../../src/xml STP_LOCALEDIR= ./cups-genppd.5.3 -l C -p ppd/C  
.................................... done.
touch ppd-stamp
if test -n "calibrate.ppm" -a -n "ppd-stamp" ; then \
	  ../../scripts/install-sh -c -d /tmp/gp-build.UVjo/stage/usr/share/cups/model/gutenprint/5.3/; \
	  cd ppd ; \
	  for language in * ; do \
	    cd ..; \
	    ../../scripts/install-sh -c -d /tmp/gp-build.UVjo/stage/usr/share/cups/model/gutenprint/5.3//$language; \
	    cd ppd/$language; \
	    for ppdfile in * ; do \
	      (cd ../..; /usr/bin/install -c -m 644 ppd/$language/$ppdfile /tmp/gp-build.UVjo/stage/usr/share/cups/model/gutenprint/5.3//$language) ; \
	    done; \
	  cd ..; \
	  done \
	fi
../../scripts/install-sh -c -d "/tmp/gp-build.UVjo/stage/Library/Printers/Gutenprint/share/locale"
for file in ./../../po/*.po; do \
	  lang=`basename $file .po`; \
	  ../../scripts/install-sh -c -d "/tmp/gp-build.UVjo/stage/Library/Printers/Gutenprint/share/locale/$lang"; \
	  /usr/bin/install -c -m 644 $file "/tmp/gp-build.UVjo/stage/Library/Printers/Gutenprint/share/locale/$lang/gutenprint_$lang.po"; \
	done
 ../../scripts/install-sh -c -d '/tmp/gp-build.UVjo/stage/usr/share/cups'
 /usr/bin/install -c -m 644 calibrate.ppm '/tmp/gp-build.UVjo/stage/usr/share/cups'
 ../../scripts/install-sh -c -d '/tmp/gp-build.UVjo/stage/private/etc/cups'
 /usr/bin/install -c -m 644 command.types '/tmp/gp-build.UVjo/stage/private/etc/cups'
/Applications/Xcode.app/Contents/Developer/usr/bin/make  install-data-hook
Expect a number of "rmdir: Directory not empty" warnings
These messages are harmless and should be ignored.
rmdir /tmp/gp-build.UVjo/stage/usr/share/cups/model/gutenprint/5.3/
rmdir: /tmp/gp-build.UVjo/stage/usr/share/cups/model/gutenprint/5.3/: Directory not empty
make[5]: [install-data-hook] Error 1 (ignored)
rmdir /tmp/gp-build.UVjo/stage/usr/share/cups
rmdir: /tmp/gp-build.UVjo/stage/usr/share/cups: Directory not empty
make[5]: [install-data-hook] Error 1 (ignored)
rmdir /tmp/gp-build.UVjo/stage/usr/libexec/cups/driver
rmdir: /tmp/gp-build.UVjo/stage/usr/libexec/cups/driver: Directory not empty
make[5]: [install-data-hook] Error 1 (ignored)
rmdir /tmp/gp-build.UVjo/stage/usr/libexec/cups/filter
rmdir: /tmp/gp-build.UVjo/stage/usr/libexec/cups/filter: Directory not empty
make[5]: [install-data-hook] Error 1 (ignored)
rmdir /tmp/gp-build.UVjo/stage
rmdir: /tmp/gp-build.UVjo/stage: Directory not empty
make[5]: [install-data-hook] Error 1 (ignored)
rmdir /tmp/gp-build.UVjo/stage
rmdir: /tmp/gp-build.UVjo/stage: Directory not empty
make[5]: [install-data-hook] Error 1 (ignored)
rmdir /tmp/gp-build.UVjo/stage/usr/bin
rmdir: /tmp/gp-build.UVjo/stage/usr/bin: Directory not empty
make[5]: [install-data-hook] Error 1 (ignored)
rmdir /tmp/gp-build.UVjo/stage/usr/sbin
rmdir: /tmp/gp-build.UVjo/stage/usr/sbin: Directory not empty
make[5]: [install-data-hook] Error 1 (ignored)
rmdir /tmp/gp-build.UVjo/stage/usr/libexec/cups
rmdir: /tmp/gp-build.UVjo/stage/usr/libexec/cups: Directory not empty
make[5]: [install-data-hook] Error 1 (ignored)
rmdir /tmp/gp-build.UVjo/stage/private/etc/cups
rmdir: /tmp/gp-build.UVjo/stage/private/etc/cups: Directory not empty
make[5]: [install-data-hook] Error 1 (ignored)
rmdir `dirname /tmp/gp-build.UVjo/stage/usr/share/cups`
rmdir: /tmp/gp-build.UVjo/stage/usr/share: Directory not empty
make[5]: [install-data-hook] Error 1 (ignored)
rmdir `dirname /tmp/gp-build.UVjo/stage/usr/libexec/cups`
rmdir: /tmp/gp-build.UVjo/stage/usr/libexec: Directory not empty
make[5]: [install-data-hook] Error 1 (ignored)
rmdir `dirname /tmp/gp-build.UVjo/stage/private/etc/cups`
rmdir: /tmp/gp-build.UVjo/stage/private/etc: Directory not empty
make[5]: [install-data-hook] Error 1 (ignored)
Making install in testpattern
 ../../scripts/install-sh -c -d '/tmp/gp-build.UVjo/stage/Library/Printers/Gutenprint/share/gutenprint/samples'
 /usr/bin/install -c -m 644 testpattern.sample extended.sample '/tmp/gp-build.UVjo/stage/Library/Printers/Gutenprint/share/gutenprint/samples'
make[4]: Nothing to be done for `install-exec-am'.
make[4]: Nothing to be done for `install-data-am'.
Making install in samples
make[3]: Nothing to be done for `install-exec-am'.
 ../scripts/install-sh -c -d '/tmp/gp-build.UVjo/stage/Library/Printers/Gutenprint/share/gutenprint/samples'
 /usr/bin/install -c -m 644 colorbars4.png colorsweep.png profile.jpg '/tmp/gp-build.UVjo/stage/Library/Printers/Gutenprint/share/gutenprint/samples'
Making install in test
make[3]: Nothing to be done for `install-exec-am'.
make[3]: Nothing to be done for `install-data-am'.
Making install in po
if test "gutenprint" = "gettext-tools"; then \
	  ../scripts/install-sh -c -d /tmp/gp-build.UVjo/stage/Library/Printers/Gutenprint/share/gettext/po; \
	  for file in Makefile.in.in remove-potcdate.sin quot.sed boldquot.sed en@quot.header en@boldquot.header insert-header.sin Rules-quot   Makevars.template; do \
	    /usr/bin/install -c -m 644 ./$file \
			    /tmp/gp-build.UVjo/stage/Library/Printers/Gutenprint/share/gettext/po/$file; \
	  done; \
	  for file in Makevars; do \
	    rm -f /tmp/gp-build.UVjo/stage/Library/Printers/Gutenprint/share/gettext/po/$file; \
	  done; \
	else \
	  : ; \
	fi
Making install in man
make[3]: Nothing to be done for `install-exec-am'.
 ../scripts/install-sh -c -d '/tmp/gp-build.UVjo/stage/Library/Printers/Gutenprint/share/man/man1'
 /usr/bin/install -c -m 644 escputil.1 '/tmp/gp-build.UVjo/stage/Library/Printers/Gutenprint/share/man/man1'
 ../scripts/install-sh -c -d '/tmp/gp-build.UVjo/stage/Library/Printers/Gutenprint/share/man/man8'
 /usr/bin/install -c -m 644 cups-calibrate.8 cups-genppd.8 cups-genppdupdate.8 '/tmp/gp-build.UVjo/stage/Library/Printers/Gutenprint/share/man/man8'
Making install in doc
Making install in developer
make[4]: Nothing to be done for `install-exec-am'.
if test -n 'html' ; then \
	  ../../scripts/install-sh -c -d /tmp/gp-build.UVjo/stage/Library/Printers/Gutenprint/share/gutenprint/doc/reference-html ; \
	  if test -f gutenprint.pdf ; then \
	    /usr/bin/install -c -m 644 gutenprint.pdf /tmp/gp-build.UVjo/stage/Library/Printers/Gutenprint/share/gutenprint/doc ; \
	  elif test -f ./gutenprint.pdf ; then \
	    /usr/bin/install -c -m 644 ./gutenprint.pdf /tmp/gp-build.UVjo/stage/Library/Printers/Gutenprint/share/gutenprint/doc ; \
	  fi ; \
	  if test -d reference-html ; then \
	  HTMLGENDIR="reference-html" ; \
	  elif test -d ./reference-html ; then \
	    HTMLGENDIR="./reference-html" ; \
	  else \
	    exit 1 ; \
	  fi ; \
	  for file in $HTMLGENDIR/*.html $HTMLGENDIR/*.css ; do \
	    if test -f $file ; then \
	      /usr/bin/install -c -m 644 $file /tmp/gp-build.UVjo/stage/Library/Printers/Gutenprint/share/gutenprint/doc/reference-html ; \
	    fi ; \
	  done ; \
	fi
make[4]: Nothing to be done for `install-exec-am'.
../scripts/install-sh -c -d /tmp/gp-build.UVjo/stage/Library/Printers/Gutenprint/share/gutenprint/doc
/usr/bin/install -c -m 644 ./FAQ.html /tmp/gp-build.UVjo/stage/Library/Printers/Gutenprint/share/gutenprint/doc
/usr/bin/install -c -m 644 ./gutenprint-users-manual.odt /tmp/gp-build.UVjo/stage/Library/Printers/Gutenprint/share/gutenprint/doc
/usr/bin/install -c -m 644 ./gutenprint-users-manual.pdf /tmp/gp-build.UVjo/stage/Library/Printers/Gutenprint/share/gutenprint/doc
Making install in scripts
make[3]: Nothing to be done for `install-exec-am'.
make[3]: Nothing to be done for `install-data-am'.
make[3]: Nothing to be done for `install-exec-am'.
scripts/install-sh -c -d /tmp/gp-build.UVjo/stage/Library/Printers/Gutenprint/share/gutenprint/doc
/usr/bin/install -c -m 644 ./NEWS /tmp/gp-build.UVjo/stage/Library/Printers/Gutenprint/share/gutenprint/doc
/usr/bin/install -c -m 644 ./ChangeLog /tmp/gp-build.UVjo/stage/Library/Printers/Gutenprint/share/gutenprint/doc
/usr/bin/install -c -m 644 ./AUTHORS /tmp/gp-build.UVjo/stage/Library/Printers/Gutenprint/share/gutenprint/doc
/usr/bin/install -c -m 644 ./COPYING /tmp/gp-build.UVjo/stage/Library/Printers/Gutenprint/share/gutenprint/doc
/usr/bin/install -c -m 644 ./README /tmp/gp-build.UVjo/stage/Library/Printers/Gutenprint/share/gutenprint/doc
scripts/install-sh -c -d /tmp/gp-build.UVjo/stage/Library/Printers/Gutenprint/lib/gutenprint/5.3
/usr/bin/install -c -m 644 config.summary /tmp/gp-build.UVjo/stage/Library/Printers/Gutenprint/lib/gutenprint/5.3
/Users/cetin/mp250-arm-driver/build/../pkgroot/Library/Printers/Gutenprint/libexec/commandtocanon: replacing existing signature
/Users/cetin/mp250-arm-driver/build/../pkgroot/Library/Printers/Gutenprint/libexec/commandtoepson: replacing existing signature
/Users/cetin/mp250-arm-driver/build/../pkgroot/Library/Printers/Gutenprint/libexec/cups-genppd.5.3: replacing existing signature
/Users/cetin/mp250-arm-driver/build/../pkgroot/Library/Printers/Gutenprint/libexec/rastertogutenprint.5.3: replacing existing signature
done -> /Users/cetin/mp250-arm-driver/build/../pkgroot/Library/Printers/Gutenprint
